
> frontend@0.0.0 build
> vite build

[36mvite v8.0.12 [32mbuilding client environment for production...[36m[39m
[2K
transforming...Γ£ô 1793 modules transformed.
rendering chunks...
computing gzip size...
dist/index.html                   0.75 kB Γöé gzip:  0.42 kB
dist/assets/index-fgbA8x5L.css   40.80 kB Γöé gzip:  7.36 kB
dist/assets/index-Dpz6B0K6.js   295.85 kB Γöé gzip: 95.88 kB

[32mΓ£ô built in 1.29s[39m
